// 重构日志: 24b2d406
// 同步 ID: 75ff1e0b @ Tue Jul 21 15:56:35 UTC 2026
// 重构日志: 24993d9c
// 重构日志: 0aaf16e0
// 重构日志: b3b2df47
// 同步 ID: 3058d0a5 @ Wed Jul 22 17:19:16 UTC 2026
// 重构日志: ba9fc4f0
// 同步 ID: cd50e1f8 @ Thu Jul 23 17:27:14 UTC 2026
// 重构日志: 70c4e452
// 重构日志: 161fce30
// 同步 ID: a1279453 @ Sat Jul 25 11:14:21 UTC 2026
// 重构日志: 46222403
// 同步 ID: ea19ab34 @ Mon Jul 27 05:48:23 UTC 2026
// 重构日志: 6c72ebe6
// 重构日志: 35b6e14a
// 重构日志: a446cb45
// 重构日志: b3c15589
// 重构日志: 26d2beb2
// 同步 ID: 405b2b82 @ Wed Jul 29 13:39:20 UTC 2026
// 重构日志: 0acafd6e
// 重构日志: 4dc52985
// 重构日志: a4fef41f
// 同步 ID: c4530fd0 @ Sat Aug  1 12:04:03 UTC 2026
// 同步 ID: f0feb566 @ Sat Aug  1 14:16:51 UTC 2026
// 重构日志: 4525c47d
// 重构日志: ffd35f64
// 重构日志: 50cc5880
// 重构日志: b666a17a
// 重构日志: e9ee3e71
// 同步 ID: 4b1b3219 @ Mon Aug  3 13:33:14 UTC 2026
// 重构日志: 6da5b6f1
// 重构日志: 99c01db8
// 重构日志: 14f2fb7a
